#-----------------------------------------------------------
# Webtalk v2020.2 (64-bit)
# SW Build 3064766 on Wed Nov 18 09:12:45 MST 2020
# IP Build 3064653 on Wed Nov 18 14:17:31 MST 2020
# Start of session at: Sun Mar 28 22:56:11 2021
# Process ID: 27240
# Current directory: C:/Users/andre/Desktop/BAKUP_RL_SERIO/PFRL_pizzamiglio_prisciantelli/project_reti_logiche_DEFINITIVO/project_reti_logiche/project_reti_logiche.sim/sim_1/behav/xsim
# Command line: wbtcv.exe -mode batch -source C:/Users/andre/Desktop/BAKUP_RL_SERIO/PFRL_pizzamiglio_prisciantelli/project_reti_logiche_DEFINITIVO/project_reti_logiche/project_reti_logiche.sim/sim_1/behav/xsim/xsim.dir/project_tb_behav/webtalk/xsim_webtalk.tcl -notrace
# Log file: C:/Users/andre/Desktop/BAKUP_RL_SERIO/PFRL_pizzamiglio_prisciantelli/project_reti_logiche_DEFINITIVO/project_reti_logiche/project_reti_logiche.sim/sim_1/behav/xsim/webtalk.log
# Journal file: C:/Users/andre/Desktop/BAKUP_RL_SERIO/PFRL_pizzamiglio_prisciantelli/project_reti_logiche_DEFINITIVO/project_reti_logiche/project_reti_logiche.sim/sim_1/behav/xsim\webtalk.jou
#-----------------------------------------------------------
source C:/Users/andre/Desktop/BAKUP_RL_SERIO/PFRL_pizzamiglio_prisciantelli/project_reti_logiche_DEFINITIVO/project_reti_logiche/project_reti_logiche.sim/sim_1/behav/xsim/xsim.dir/project_tb_behav/webtalk/xsim_webtalk.tcl -notrace
